--- STARTING AUTO-FETCH LITE TEST ---
1. Fetching URL: https://example.com...
Success: Fetched 528 characters.

2. Processing content (BeautifulSoup Fallback)...

--- EXTRACTED CONTENT PREVIEW ---
Example Domain
Example Domain
This domain is for use in documentation examples without needing permission. Avoid use in operations.
Learn more
---------------------------------

✅ AUTO-FETCH LITE VERIFIED.
